graph_args --base 1000
graph_title Binary/Relay Logs
graph_vlabel Log activity
graph_category mysql2
nlog_cache_disk_use.draw LINE1
nlog_cache_disk_use.min 0
nlog_cache_disk_use.label Binlog Cache Disk Use
nlog_cache_disk_use.type DERIVE
Binlog_cache_use.draw LINE1
Binlog_cache_use.min 0
Binlog_cache_use.label Binlog Cache Use
Binlog_cache_use.type DERIVE
ma_binlog_size.draw LINE1
ma_binlog_size.min 0
ma_binlog_size.label Binary Log Space
ma_binlog_size.type DERIVE
relay_log_space.draw LINE1
relay_log_space.min 0
relay_log_space.label Relay Log Space
relay_log_space.type DERIVE
graph_args --base 1000
graph_title Command Counters
graph_vlabel Commands per ${graph_period}
graph_total Questions
graph_category mysql2
Com_delete.draw AREA
Com_delete.min 0
Com_delete.label Delete
Com_delete.type DERIVE
Com_insert.draw STACK
Com_insert.min 0
Com_insert.label Insert
Com_insert.type DERIVE
Com_insert_select.draw STACK
Com_insert_select.min 0
Com_insert_select.label Insert select
Com_insert_select.type DERIVE
Com_load.draw STACK
Com_load.min 0
Com_load.label Load Data
Com_load.type DERIVE
Com_replace.draw STACK
Com_replace.min 0
Com_replace.label Replace
Com_replace.type DERIVE
Com_replace_select.draw STACK
Com_replace_select.min 0
Com_replace_select.label Replace select
Com_replace_select.type DERIVE
Com_select.draw STACK
Com_select.min 0
Com_select.label Select
Com_select.type DERIVE
Com_update.draw STACK
Com_update.min 0
Com_update.label Update
Com_update.type DERIVE
Com_update_multi.draw STACK
Com_update_multi.min 0
Com_update_multi.label Update multi
Com_update_multi.type DERIVE
graph_args --base 1000
graph_title Connections
graph_vlabel Connections per ${graph_period}
graph_category mysql2
max_connections.draw AREA
max_connections.colour cdcfc4
max_connections.min 0
max_connections.label Max connections
max_connections.type GAUGE
ax_used_connections.draw AREA
ax_used_connections.colour ffd660
ax_used_connections.min 0
ax_used_connections.label Max used
ax_used_connections.type GAUGE
Aborted_clients.draw LINE1
Aborted_clients.min 0
Aborted_clients.label Aborted clients
Aborted_clients.type DERIVE
Aborted_connects.draw LINE1
Aborted_connects.min 0
Aborted_connects.label Aborted connects
Aborted_connects.type DERIVE
Threads_connected.draw LINE1
Threads_connected.min 0
Threads_connected.label Threads connected
Threads_connected.type GAUGE
Connections.draw LINE1
Connections.min 0
Connections.label New connections
Connections.type DERIVE
graph_args --base 1000
graph_title Files and tables
graph_vlabel Tables
graph_category mysql2
table_open_cache.draw AREA
table_open_cache.colour cdcfc4
table_open_cache.min 0
table_open_cache.label Table cache
table_open_cache.type GAUGE
Open_files.draw LINE1
Open_files.min 0
Open_files.label Open files
Open_files.type GAUGE
Open_tables.draw LINE1
Open_tables.min 0
Open_tables.label Open tables
Open_tables.type GAUGE
Opened_tables.draw LINE1
Opened_tables.min 0
Opened_tables.label Opened tables
Opened_tables.type GAUGE
graph_args --base 1024
graph_title InnoDB Buffer Pool
graph_vlabel Pages
graph_category mysql2
ib_bpool_size.draw AREA
ib_bpool_size.colour ffd660
ib_bpool_size.min 0
ib_bpool_size.label Buffer pool size
ib_bpool_size.type GAUGE
ib_bpool_dbpages.draw AREA
ib_bpool_dbpages.colour cdcfc4
ib_bpool_dbpages.min 0
ib_bpool_dbpages.label Database pages
ib_bpool_dbpages.type GAUGE
ib_bpool_free.draw LINE2
ib_bpool_free.min 0
ib_bpool_free.label Free pages
ib_bpool_free.type GAUGE
ib_bpool_modpages.draw LINE2
ib_bpool_modpages.min 0
ib_bpool_modpages.label Modified pages
ib_bpool_modpages.type GAUGE
graph_args --base 1000
graph_title InnoDB Buffer Pool Activity
graph_vlabel Activity per ${graph_period}
graph_total Total
graph_category mysql2
ib_bpool_read.draw LINE2
ib_bpool_read.min 0
ib_bpool_read.label Pages read
ib_bpool_read.type DERIVE
ib_bpool_created.draw LINE2
ib_bpool_created.min 0
ib_bpool_created.label Pages created
ib_bpool_created.type DERIVE
ib_bpool_written.draw LINE2
ib_bpool_written.min 0
ib_bpool_written.label Pages written
ib_bpool_written.type DERIVE
graph_args --base 1000
graph_title InnoDB Insert Buffer
graph_vlabel Activity per ${graph_period}
graph_category mysql2
ib_ibuf_inserts.draw LINE1
ib_ibuf_inserts.min 0
ib_ibuf_inserts.label Inserts
ib_ibuf_inserts.type DERIVE
ib_ibuf_merged_rec.draw LINE1
ib_ibuf_merged_rec.min 0
ib_ibuf_merged_rec.label Merged Records
ib_ibuf_merged_rec.type DERIVE
ib_ibuf_merges.draw LINE1
ib_ibuf_merges.min 0
ib_ibuf_merges.label Merges
ib_ibuf_merges.type DERIVE
graph_args --base 1000
graph_title InnoDB IO
graph_vlabel IO operations per ${graph_period}
graph_category mysql2
ib_io_read.draw LINE1
ib_io_read.min 0
ib_io_read.label File reads
ib_io_read.type DERIVE
ib_io_write.draw LINE1
ib_io_write.min 0
ib_io_write.label File writes
ib_io_write.type DERIVE
ib_io_log.draw LINE1
ib_io_log.min 0
ib_io_log.label Log writes
ib_io_log.type DERIVE
ib_io_fsync.draw LINE1
ib_io_fsync.min 0
ib_io_fsync.label File syncs
ib_io_fsync.type DERIVE
graph_args --base 1000
graph_title InnoDB IO Pending
graph_vlabel Pending operations
graph_category mysql2
ib_iop_log.draw LINE1
ib_iop_log.min 0
ib_iop_log.label AIO Log
ib_iop_log.type DERIVE
ib_iop_sync.draw LINE1
ib_iop_sync.min 0
ib_iop_sync.label AIO Sync
ib_iop_sync.type DERIVE
ib_iop_flush_bpool.draw LINE1
ib_iop_flush_bpool.min 0
ib_iop_flush_bpool.label Buf Pool Flush
ib_iop_flush_bpool.type DERIVE
ib_iop_flush_log.draw LINE1
ib_iop_flush_log.min 0
ib_iop_flush_log.label Log Flushes
ib_iop_flush_log.type DERIVE
ib_iop_ibuf_aio.draw LINE1
ib_iop_ibuf_aio.min 0
ib_iop_ibuf_aio.label Insert Buf AIO Read
ib_iop_ibuf_aio.type DERIVE
ib_iop_aioread.draw LINE1
ib_iop_aioread.min 0
ib_iop_aioread.label Normal AIO Reads
ib_iop_aioread.type DERIVE
ib_iop_aiowrite.draw LINE1
ib_iop_aiowrite.min 0
ib_iop_aiowrite.label Normal AIO Writes
ib_iop_aiowrite.type DERIVE
graph_args --base 1000
graph_title InnoDB Log
graph_vlabel Log activity per ${graph_period}
graph_category mysql2
odb_log_buffer_size.draw AREA
odb_log_buffer_size.colour fafd9e
odb_log_buffer_size.min 0
odb_log_buffer_size.label Buffer Size
odb_log_buffer_size.type GAUGE
ib_log_flush.draw LINE1
ib_log_flush.min 0
ib_log_flush.label KB Flushed
ib_log_flush.type DERIVE
ib_log_written.draw LINE1
ib_log_written.min 0
ib_log_written.label KB Written
ib_log_written.type DERIVE
graph_args --base 1000
graph_title InnoDB Row Operations
graph_vlabel Operations per ${graph_period}
graph_total Total
graph_category mysql2
Innodb_rows_deleted.draw AREA
Innodb_rows_deleted.min 0
Innodb_rows_deleted.label Deletes
Innodb_rows_deleted.type DERIVE
nnodb_rows_inserted.draw STACK
nnodb_rows_inserted.min 0
nnodb_rows_inserted.label Inserts
nnodb_rows_inserted.type DERIVE
Innodb_rows_read.draw STACK
Innodb_rows_read.min 0
Innodb_rows_read.label Reads
Innodb_rows_read.type DERIVE
Innodb_rows_updated.draw STACK
Innodb_rows_updated.min 0
Innodb_rows_updated.label Updates
Innodb_rows_updated.type DERIVE
graph_args --base 1000
graph_title InnoDB Semaphores
graph_vlabel Semaphores per ${graph_period}
graph_category mysql2
ib_spin_rounds.draw LINE1
ib_spin_rounds.min 0
ib_spin_rounds.label Spin Rounds
ib_spin_rounds.type DERIVE
ib_spin_waits.draw LINE1
ib_spin_waits.min 0
ib_spin_waits.label Spin Waits
ib_spin_waits.type DERIVE
ib_os_waits.draw LINE1
ib_os_waits.min 0
ib_os_waits.label OS Waits
ib_os_waits.type DERIVE
graph_args --base 1000
graph_title InnoDB Transactions
graph_vlabel Transactions per ${graph_period}
graph_category mysql2
ib_tnx.draw LINE1
ib_tnx.min 0
ib_tnx.label Transactions created
ib_tnx.type DERIVE
graph_args --base 1000
graph_title MyISAM Indexes
graph_vlabel Requests per ${graph_period}
graph_category mysql2
Key_read_requests.draw LINE2
Key_read_requests.min 0
Key_read_requests.label Key read requests
Key_read_requests.type DERIVE
Key_reads.draw LINE2
Key_reads.min 0
Key_reads.label Key reads
Key_reads.type DERIVE
Key_write_requests.draw LINE2
Key_write_requests.min 0
Key_write_requests.label Key write requests
Key_write_requests.type DERIVE
Key_writes.draw LINE2
Key_writes.min 0
Key_writes.label Key writes
Key_writes.type DERIVE
graph_args --base 1024
graph_title Network Traffic
graph_vlabel Bytes received (-) / sent (+) per ${graph_period}
graph_category mysql2
Bytes_received.draw LINE2
Bytes_received.min 0
Bytes_received.label Bytes transfered
Bytes_received.type DERIVE
Bytes_received.graph no
Bytes_sent.draw LINE2
Bytes_sent.min 0
Bytes_sent.label Bytes transfered
Bytes_sent.negative Bytes_received
Bytes_sent.type DERIVE
graph_args --base 1000
graph_title Processlist states
graph_vlabel State count per ${graph_period}
graph_category mysql2
tate_closing_tables.draw AREA
tate_closing_tables.min 0
tate_closing_tables.label Closing tables
tate_closing_tables.type DERIVE
opying_to_tmp_table.draw STACK
opying_to_tmp_table.min 0
opying_to_tmp_table.label Copying to tmp table
opying_to_tmp_table.type DERIVE
State_end.draw STACK
State_end.min 0
State_end.label End
State_end.type DERIVE
State_freeing_items.draw STACK
State_freeing_items.min 0
State_freeing_items.label Freeing items
State_freeing_items.type DERIVE
State_init.draw STACK
State_init.min 0
State_init.label Init
State_init.type DERIVE
State_locked.draw STACK
State_locked.min 0
State_locked.label Locked
State_locked.type DERIVE
State_login.draw STACK
State_login.min 0
State_login.label Login
State_login.type DERIVE
State_preparing.draw STACK
State_preparing.min 0
State_preparing.label Preparing
State_preparing.type DERIVE
te_reading_from_net.draw STACK
te_reading_from_net.min 0
te_reading_from_net.label Reading from net
te_reading_from_net.type DERIVE
State_sending_data.draw STACK
State_sending_data.min 0
State_sending_data.label Sending data
State_sending_data.type DERIVE
tate_sorting_result.draw STACK
tate_sorting_result.min 0
tate_sorting_result.label Sorting result
tate_sorting_result.type DERIVE
State_statistics.draw STACK
State_statistics.min 0
State_statistics.label Statistics
State_statistics.type DERIVE
State_updating.draw STACK
State_updating.min 0
State_updating.label Updating
State_updating.type DERIVE
tate_writing_to_net.draw STACK
tate_writing_to_net.min 0
tate_writing_to_net.label Writing to net
tate_writing_to_net.type DERIVE
State_none.draw STACK
State_none.min 0
State_none.label None
State_none.type DERIVE
State_other.draw STACK
State_other.min 0
State_other.label Other
State_other.type DERIVE
graph_args --base 1000
graph_title Query Cache
graph_vlabel Commands per ${graph_period}
graph_category mysql2
he_queries_in_cache.draw LINE1
he_queries_in_cache.min 0
he_queries_in_cache.label Queries in cache
he_queries_in_cache.type DERIVE
Qcache_hits.draw LINE1
Qcache_hits.min 0
Qcache_hits.label Cache hits
Qcache_hits.type DERIVE
Qcache_inserts.draw LINE1
Qcache_inserts.min 0
Qcache_inserts.label Inserts
Qcache_inserts.type DERIVE
Qcache_not_cached.draw LINE1
Qcache_not_cached.min 0
Qcache_not_cached.label Not cached
Qcache_not_cached.type DERIVE
cache_lowmem_prunes.draw LINE1
cache_lowmem_prunes.min 0
cache_lowmem_prunes.label Low-memory prunes
cache_lowmem_prunes.type DERIVE
graph_args --base 1024 --lower-limit 0
graph_title Query Cache Memory
graph_vlabel Bytes
graph_category mysql2
query_cache_size.draw AREA
query_cache_size.min 0
query_cache_size.label Cache size
query_cache_size.type GAUGE
Qcache_free_memory.draw AREA
Qcache_free_memory.min 0
Qcache_free_memory.label Free mem
Qcache_free_memory.type GAUGE
graph_args --base 1000
graph_title Replication
graph_vlabel Activity
graph_category mysql2
slave_running.draw AREA
slave_running.min 0
slave_running.label Slave Running
slave_running.type GAUGE
slave_stopped.draw AREA
slave_stopped.min 0
slave_stopped.label Slave Stopped
slave_stopped.type GAUGE
etried_transactions.draw LINE1
etried_transactions.min 0
etried_transactions.label Retried Transactions
etried_transactions.type DERIVE
ve_open_temp_tables.draw LINE1
ve_open_temp_tables.min 0
ve_open_temp_tables.label Open Temp Tables
ve_open_temp_tables.type DERIVE
conds_behind_master.draw LINE1
conds_behind_master.min 0
conds_behind_master.label Secs Behind Master
conds_behind_master.type GAUGE
graph_args --base 1000
graph_title Select types
graph_vlabel Commands per ${graph_period}
graph_total Total
graph_category mysql2
Select_full_join.draw AREA
Select_full_join.min 0
Select_full_join.label Full join
Select_full_join.type DERIVE
ect_full_range_join.draw STACK
ect_full_range_join.min 0
ect_full_range_join.label Full range
ect_full_range_join.type DERIVE
Select_range.draw STACK
Select_range.min 0
Select_range.label Range
Select_range.type DERIVE
Select_range_check.draw STACK
Select_range_check.min 0
Select_range_check.label Range check
Select_range_check.type DERIVE
Select_scan.draw STACK
Select_scan.min 0
Select_scan.label Scan
Select_scan.type DERIVE
graph_args --base 1000
graph_title Slow Queries
graph_vlabel Slow queries per ${graph_period}
graph_category mysql2
Slow_queries.draw LINE2
Slow_queries.min 0
Slow_queries.label Slow queries
Slow_queries.type DERIVE
graph_args --base 1000
graph_title Sorts
graph_vlabel Sorts / ${graph_period}
graph_category mysql2
Sort_rows.draw LINE2
Sort_rows.min 0
Sort_rows.label Rows sorted
Sort_rows.type DERIVE
Sort_range.draw LINE2
Sort_range.min 0
Sort_range.label Range
Sort_range.type DERIVE
Sort_merge_passes.draw LINE2
Sort_merge_passes.min 0
Sort_merge_passes.label Merge passes
Sort_merge_passes.type DERIVE
Sort_scan.draw LINE2
Sort_scan.min 0
Sort_scan.label Scan
Sort_scan.type DERIVE
graph_args --base 1000
graph_title Table locks
graph_vlabel locks per ${graph_period}
graph_category mysql2
ble_locks_immediate.draw LINE2
ble_locks_immediate.min 0
ble_locks_immediate.label Table locks immed
ble_locks_immediate.type DERIVE
Table_locks_waited.draw LINE2
Table_locks_waited.min 0
Table_locks_waited.label Table locks waited
Table_locks_waited.type DERIVE
graph_args --base 1000
graph_title Temporary objects
graph_vlabel Objects per ${graph_period}
graph_category mysql2
ted_tmp_disk_tables.draw LINE2
ted_tmp_disk_tables.min 0
ted_tmp_disk_tables.label Temp disk tables
ted_tmp_disk_tables.type DERIVE
Created_tmp_tables.draw LINE2
Created_tmp_tables.min 0
Created_tmp_tables.label Temp tables
Created_tmp_tables.type DERIVE
Created_tmp_files.draw LINE2
Created_tmp_files.min 0
Created_tmp_files.label Temp files
Created_tmp_files.type DERIVE
graph_args --base 1000
graph_title Uptime
graph_vlabel Uptime in days
graph_category mysql2
Uptime_days.draw AREA
Uptime_days.min 0
Uptime_days.label Uptime
Uptime_days.type DERIVE
