Binlog_cache_disk_u.value 0
Binlog_cache_use.value 8388142
ma_binlog_size.value 12887116460
relay_log_space.value 504
Com_delete.value 2471844
Com_insert.value 16524909
Com_insert_select.value 0
Com_load.value 0
Com_replace.value 0
Com_replace_select.value 0
Com_select.value 95506949
Com_update.value 0
Com_update_multi.value 0
max_connections.value 1500
Max_used_connection.value 33
Aborted_clients.value 30
Aborted_connects.value 0
Threads_connected.value 32
Connections.value 980
table_open_cache.value 1800
Open_files.value 157
Open_tables.value 42
Opened_tables.value 119
ib_bpool_size.value 851968
ib_bpool_free.value 775719
ib_bpool_dbpages.value 74532
ib_bpool_modpages.value 22831
ib_bpool_read.value 94
ib_bpool_created.value 74438
ib_bpool_written.value 1330485
ib_ibuf_inserts.value 0
ib_ibuf_merged_rec.value 0
ib_ibuf_merges.value 0
ib_io_read.value 66
ib_io_write.value 17209444
ib_io_log.value 16813492
ib_io_fsync.value 16902456
ib_iop_log.value 0
ib_iop_sync.value 0
ib_iop_flush_bpool.value 0
ib_iop_flush_log.value 0
ib_iop_ibuf_aio.value 0
ib_iop_aioread.value 0
ib_iop_aiowrite.value 0
innodb_log_buffer_s.value 33554432
ib_log_flush.value 14329178292
ib_log_written.value 14329178292
Innodb_rows_deleted.value 2471842
Innodb_rows_inserte.value 5916293
Innodb_rows_read.value 89263890
Innodb_rows_updated.value 0
ib_spin_rounds.value 2964990
ib_spin_waits.value 0
ib_os_waits.value 93073
ib_tnx.value 189633096
Key_read_requests.value 5384999053
Key_reads.value 153
Key_write_requests.value 1130475636
Key_writes.value 49967776
Bytes_received.value 162368494765
Bytes_sent.value 188482967756
Qcache_queries_in_c.value 0
Qcache_hits.value 0
Qcache_inserts.value 0
Qcache_not_cached.value 0
Qcache_lowmem_prune.value 0
query_cache_size.value 0
Qcache_free_memory.value 0
slave_running.value 100
slave_stopped.value 0
Slave_retried_trans.value 0
Slave_open_temp_tab.value 0
seconds_behind_mast.value 100
Select_full_join.value 0
Select_full_range_j.value 0
Select_range.value 0
Select_range_check.value 0
Select_scan.value 1826
Slow_queries.value 0
Sort_rows.value 0
Sort_range.value 0
Sort_merge_passes.value 0
Sort_scan.value 0
Table_locks_immedia.value 155740409
Table_locks_waited.value 1012946
Created_tmp_disk_ta.value 2
Created_tmp_tables.value 1800
Created_tmp_files.value 29
